src/pages/dashboard/LiveMapPage.tsx(2,75): error TS2792: Cannot find module 'react-leaflet'. Did you mean to set the 'moduleResolution' option to 'nodenext', or to add aliases to the 'paths' option?
src/pages/dashboard/LiveMapPage.tsx(3,29): error TS2792: Cannot find module 'react-router-dom'. Did you mean to set the 'moduleResolution' option to 'nodenext', or to add aliases to the 'paths' option?
src/pages/dashboard/LiveMapPage.tsx(4,36): error TS2792: Cannot find module '@/hooks/useSocketSimulator'. Did you mean to set the 'moduleResolution' option to 'nodenext', or to add aliases to the 'paths' option?
src/pages/dashboard/LiveMapPage.tsx(5,31): error TS2792: Cannot find module '@/data/mockData'. Did you mean to set the 'moduleResolution' option to 'nodenext', or to add aliases to the 'paths' option?
src/pages/dashboard/LiveMapPage.tsx(6,24): error TS2792: Cannot find module '@/components/GradeBadge'. Did you mean to set the 'moduleResolution' option to 'nodenext', or to add aliases to the 'paths' option?
src/pages/dashboard/LiveMapPage.tsx(7,25): error TS2792: Cannot find module '@/components/StatusBadge'. Did you mean to set the 'moduleResolution' option to 'nodenext', or to add aliases to the 'paths' option?
src/pages/dashboard/LiveMapPage.tsx(8,24): error TS2792: Cannot find module '@/components/SectorIcon'. Did you mean to set the 'moduleResolution' option to 'nodenext', or to add aliases to the 'paths' option?
src/pages/dashboard/LiveMapPage.tsx(9,24): error TS2792: Cannot find module '@/components/TrendArrow'. Did you mean to set the 'moduleResolution' option to 'nodenext', or to add aliases to the 'paths' option?
src/pages/dashboard/LiveMapPage.tsx(30,5): error TS2339: Property 'div' does not exist on type 'JSX.IntrinsicElements'.
src/pages/dashboard/LiveMapPage.tsx(32,7): error TS2339: Property 'div' does not exist on type 'JSX.IntrinsicElements'.
src/pages/dashboard/LiveMapPage.tsx(34,9): error TS2339: Property 'div' does not exist on type 'JSX.IntrinsicElements'.
src/pages/dashboard/LiveMapPage.tsx(35,11): error TS2339: Property 'div' does not exist on type 'JSX.IntrinsicElements'.
src/pages/dashboard/LiveMapPage.tsx(37,15): error TS2339: Property 'div' does not exist on type 'JSX.IntrinsicElements'.
src/pages/dashboard/LiveMapPage.tsx(39,15): error TS2339: Property 'div' does not exist on type 'JSX.IntrinsicElements'.
src/pages/dashboard/LiveMapPage.tsx(41,11): error TS2339: Property 'div' does not exist on type 'JSX.IntrinsicElements'.
src/pages/dashboard/LiveMapPage.tsx(42,11): error TS2339: Property 'div' does not exist on type 'JSX.IntrinsicElements'.
src/pages/dashboard/LiveMapPage.tsx(43,13): error TS2339: Property 'div' does not exist on type 'JSX.IntrinsicElements'.
src/pages/dashboard/LiveMapPage.tsx(44,13): error TS2339: Property 'span' does not exist on type 'JSX.IntrinsicElements'.
src/pages/dashboard/LiveMapPage.tsx(44,98): error TS2339: Property 'span' does not exist on type 'JSX.IntrinsicElements'.
src/pages/dashboard/LiveMapPage.tsx(45,11): error TS2339: Property 'div' does not exist on type 'JSX.IntrinsicElements'.
src/pages/dashboard/LiveMapPage.tsx(46,9): error TS2339: Property 'div' does not exist on type 'JSX.IntrinsicElements'.
src/pages/dashboard/LiveMapPage.tsx(49,9): error TS2339: Property 'div' does not exist on type 'JSX.IntrinsicElements'.
src/pages/dashboard/LiveMapPage.tsx(56,19): error TS2339: Property 'div' does not exist on type 'JSX.IntrinsicElements'.
src/pages/dashboard/LiveMapPage.tsx(57,21): error TS2339: Property 'div' does not exist on type 'JSX.IntrinsicElements'.
src/pages/dashboard/LiveMapPage.tsx(59,23): error TS2339: Property 'span' does not exist on type 'JSX.IntrinsicElements'.
src/pages/dashboard/LiveMapPage.tsx(59,96): error TS2339: Property 'span' does not exist on type 'JSX.IntrinsicElements'.
src/pages/dashboard/LiveMapPage.tsx(60,21): error TS2339: Property 'div' does not exist on type 'JSX.IntrinsicElements'.
src/pages/dashboard/LiveMapPage.tsx(61,21): error TS2339: Property 'p' does not exist on type 'JSX.IntrinsicElements'.
src/pages/dashboard/LiveMapPage.tsx(61,96): error TS2339: Property 'p' does not exist on type 'JSX.IntrinsicElements'.
src/pages/dashboard/LiveMapPage.tsx(62,21): error TS2339: Property 'div' does not exist on type 'JSX.IntrinsicElements'.
src/pages/dashboard/LiveMapPage.tsx(63,23): error TS2339: Property 'span' does not exist on type 'JSX.IntrinsicElements'.
src/pages/dashboard/LiveMapPage.tsx(63,77): error TS2339: Property 'span' does not exist on type 'JSX.IntrinsicElements'.
src/pages/dashboard/LiveMapPage.tsx(65,23): error TS2339: Property 'span' does not exist on type 'JSX.IntrinsicElements'.
src/pages/dashboard/LiveMapPage.tsx(65,76): error TS2339: Property 'span' does not exist on type 'JSX.IntrinsicElements'.
src/pages/dashboard/LiveMapPage.tsx(66,21): error TS2339: Property 'div' does not exist on type 'JSX.IntrinsicElements'.
src/pages/dashboard/LiveMapPage.tsx(67,21): error TS2339: Property 'div' does not exist on type 'JSX.IntrinsicElements'.
src/pages/dashboard/LiveMapPage.tsx(68,23): error TS2339: Property 'div' does not exist on type 'JSX.IntrinsicElements'.
src/pages/dashboard/LiveMapPage.tsx(68,61): error TS2339: Property 'span' does not exist on type 'JSX.IntrinsicElements'.
src/pages/dashboard/LiveMapPage.tsx(68,113): error TS2339: Property 'span' does not exist on type 'JSX.IntrinsicElements'.
src/pages/dashboard/LiveMapPage.tsx(68,120): error TS2339: Property 'span' does not exist on type 'JSX.IntrinsicElements'.
src/pages/dashboard/LiveMapPage.tsx(68,180): error TS2339: Property 'span' does not exist on type 'JSX.IntrinsicElements'.
src/pages/dashboard/LiveMapPage.tsx(68,187): error TS2339: Property 'div' does not exist on type 'JSX.IntrinsicElements'.
src/pages/dashboard/LiveMapPage.tsx(69,23): error TS2339: Property 'div' does not exist on type 'JSX.IntrinsicElements'.
src/pages/dashboard/LiveMapPage.tsx(69,61): error TS2339: Property 'span' does not exist on type 'JSX.IntrinsicElements'.
src/pages/dashboard/LiveMapPage.tsx(69,111): error TS2339: Property 'span' does not exist on type 'JSX.IntrinsicElements'.
src/pages/dashboard/LiveMapPage.tsx(69,118): error TS2339: Property 'span' does not exist on type 'JSX.IntrinsicElements'.
src/pages/dashboard/LiveMapPage.tsx(69,184): error TS2339: Property 'span' does not exist on type 'JSX.IntrinsicElements'.
src/pages/dashboard/LiveMapPage.tsx(69,191): error TS2339: Property 'div' does not exist on type 'JSX.IntrinsicElements'.
src/pages/dashboard/LiveMapPage.tsx(70,23): error TS2339: Property 'div' does not exist on type 'JSX.IntrinsicElements'.
src/pages/dashboard/LiveMapPage.tsx(70,61): error TS2339: Property 'span' does not exist on type 'JSX.IntrinsicElements'.
src/pages/dashboard/LiveMapPage.tsx(70,113): error TS2339: Property 'span' does not exist on type 'JSX.IntrinsicElements'.
src/pages/dashboard/LiveMapPage.tsx(70,120): error TS2339: Property 'span' does not exist on type 'JSX.IntrinsicElements'.
src/pages/dashboard/LiveMapPage.tsx(70,255): error TS2339: Property 'span' does not exist on type 'JSX.IntrinsicElements'.
src/pages/dashboard/LiveMapPage.tsx(70,262): error TS2339: Property 'div' does not exist on type 'JSX.IntrinsicElements'.
src/pages/dashboard/LiveMapPage.tsx(71,21): error TS2339: Property 'div' does not exist on type 'JSX.IntrinsicElements'.
src/pages/dashboard/LiveMapPage.tsx(72,21): error TS2339: Property 'div' does not exist on type 'JSX.IntrinsicElements'.
src/pages/dashboard/LiveMapPage.tsx(72,76): error TS2339: Property 'div' does not exist on type 'JSX.IntrinsicElements'.
src/pages/dashboard/LiveMapPage.tsx(73,21): error TS2339: Property 'p' does not exist on type 'JSX.IntrinsicElements'.
src/pages/dashboard/LiveMapPage.tsx(73,106): error TS2339: Property 'p' does not exist on type 'JSX.IntrinsicElements'.
src/pages/dashboard/LiveMapPage.tsx(74,21): error TS2339: Property 'div' does not exist on type 'JSX.IntrinsicElements'.
src/pages/dashboard/LiveMapPage.tsx(74,179): error TS2339: Property 'div' does not exist on type 'JSX.IntrinsicElements'.
src/pages/dashboard/LiveMapPage.tsx(75,19): error TS2339: Property 'div' does not exist on type 'JSX.IntrinsicElements'.
src/pages/dashboard/LiveMapPage.tsx(82,11): error TS2339: Property 'div' does not exist on type 'JSX.IntrinsicElements'.
src/pages/dashboard/LiveMapPage.tsx(84,15): error TS2339: Property 'div' does not exist on type 'JSX.IntrinsicElements'.
src/pages/dashboard/LiveMapPage.tsx(85,17): error TS2339: Property 'div' does not exist on type 'JSX.IntrinsicElements'.
src/pages/dashboard/LiveMapPage.tsx(86,17): error TS2339: Property 'span' does not exist on type 'JSX.IntrinsicElements'.
src/pages/dashboard/LiveMapPage.tsx(86,66): error TS2339: Property 'span' does not exist on type 'JSX.IntrinsicElements'.
src/pages/dashboard/LiveMapPage.tsx(87,15): error TS2339: Property 'div' does not exist on type 'JSX.IntrinsicElements'.
src/pages/dashboard/LiveMapPage.tsx(89,11): error TS2339: Property 'div' does not exist on type 'JSX.IntrinsicElements'.
src/pages/dashboard/LiveMapPage.tsx(90,9): error TS2339: Property 'div' does not exist on type 'JSX.IntrinsicElements'.
src/pages/dashboard/LiveMapPage.tsx(91,7): error TS2339: Property 'div' does not exist on type 'JSX.IntrinsicElements'.
src/pages/dashboard/LiveMapPage.tsx(94,7): error TS2339: Property 'div' does not exist on type 'JSX.IntrinsicElements'.
src/pages/dashboard/LiveMapPage.tsx(95,9): error TS2339: Property 'div' does not exist on type 'JSX.IntrinsicElements'.
src/pages/dashboard/LiveMapPage.tsx(96,11): error TS2339: Property 'h3' does not exist on type 'JSX.IntrinsicElements'.
src/pages/dashboard/LiveMapPage.tsx(96,79): error TS2339: Property 'h3' does not exist on type 'JSX.IntrinsicElements'.
src/pages/dashboard/LiveMapPage.tsx(97,11): error TS2339: Property 'div' does not exist on type 'JSX.IntrinsicElements'.
src/pages/dashboard/LiveMapPage.tsx(99,15): error TS2339: Property 'div' does not exist on type 'JSX.IntrinsicElements'.
src/pages/dashboard/LiveMapPage.tsx(100,17): error TS2339: Property 'div' does not exist on type 'JSX.IntrinsicElements'.
src/pages/dashboard/LiveMapPage.tsx(101,19): error TS2339: Property 'span' does not exist on type 'JSX.IntrinsicElements'.
src/pages/dashboard/LiveMapPage.tsx(101,80): error TS2339: Property 'span' does not exist on type 'JSX.IntrinsicElements'.
src/pages/dashboard/LiveMapPage.tsx(102,19): error TS2339: Property 'div' does not exist on type 'JSX.IntrinsicElements'.
src/pages/dashboard/LiveMapPage.tsx(103,21): error TS2339: Property 'p' does not exist on type 'JSX.IntrinsicElements'.
src/pages/dashboard/LiveMapPage.tsx(103,91): error TS2339: Property 'p' does not exist on type 'JSX.IntrinsicElements'.
src/pages/dashboard/LiveMapPage.tsx(104,21): error TS2339: Property 'div' does not exist on type 'JSX.IntrinsicElements'.
src/pages/dashboard/LiveMapPage.tsx(106,23): error TS2339: Property 'span' does not exist on type 'JSX.IntrinsicElements'.
src/pages/dashboard/LiveMapPage.tsx(106,108): error TS2339: Property 'span' does not exist on type 'JSX.IntrinsicElements'.
src/pages/dashboard/LiveMapPage.tsx(107,21): error TS2339: Property 'div' does not exist on type 'JSX.IntrinsicElements'.
src/pages/dashboard/LiveMapPage.tsx(108,19): error TS2339: Property 'div' does not exist on type 'JSX.IntrinsicElements'.
src/pages/dashboard/LiveMapPage.tsx(110,17): error TS2339: Property 'div' does not exist on type 'JSX.IntrinsicElements'.
src/pages/dashboard/LiveMapPage.tsx(112,15): error TS2339: Property 'div' does not exist on type 'JSX.IntrinsicElements'.
src/pages/dashboard/LiveMapPage.tsx(114,11): error TS2339: Property 'div' does not exist on type 'JSX.IntrinsicElements'.
src/pages/dashboard/LiveMapPage.tsx(115,9): error TS2339: Property 'div' does not exist on type 'JSX.IntrinsicElements'.
src/pages/dashboard/LiveMapPage.tsx(117,9): error TS2339: Property 'div' does not exist on type 'JSX.IntrinsicElements'.
src/pages/dashboard/LiveMapPage.tsx(118,11): error TS2339: Property 'h3' does not exist on type 'JSX.IntrinsicElements'.
src/pages/dashboard/LiveMapPage.tsx(118,85): error TS2339: Property 'h3' does not exist on type 'JSX.IntrinsicElements'.
src/pages/dashboard/LiveMapPage.tsx(119,11): error TS2339: Property 'div' does not exist on type 'JSX.IntrinsicElements'.
src/pages/dashboard/LiveMapPage.tsx(121,15): error TS2339: Property 'div' does not exist on type 'JSX.IntrinsicElements'.
src/pages/dashboard/LiveMapPage.tsx(122,17): error TS2339: Property 'div' does not exist on type 'JSX.IntrinsicElements'.
src/pages/dashboard/LiveMapPage.tsx(123,19): error TS2339: Property 'div' does not exist on type 'JSX.IntrinsicElements'.
src/pages/dashboard/LiveMapPage.tsx(124,21): error TS2339: Property 'p' does not exist on type 'JSX.IntrinsicElements'.
src/pages/dashboard/LiveMapPage.tsx(124,91): error TS2339: Property 'p' does not exist on type 'JSX.IntrinsicElements'.
src/pages/dashboard/LiveMapPage.tsx(125,19): error TS2339: Property 'div' does not exist on type 'JSX.IntrinsicElements'.
src/pages/dashboard/LiveMapPage.tsx(127,17): error TS2339: Property 'div' does not exist on type 'JSX.IntrinsicElements'.
src/pages/dashboard/LiveMapPage.tsx(128,15): error TS2339: Property 'div' does not exist on type 'JSX.IntrinsicElements'.
src/pages/dashboard/LiveMapPage.tsx(130,11): error TS2339: Property 'div' does not exist on type 'JSX.IntrinsicElements'.
src/pages/dashboard/LiveMapPage.tsx(131,9): error TS2339: Property 'div' does not exist on type 'JSX.IntrinsicElements'.
src/pages/dashboard/LiveMapPage.tsx(132,7): error TS2339: Property 'div' does not exist on type 'JSX.IntrinsicElements'.
src/pages/dashboard/LiveMapPage.tsx(133,5): error TS2339: Property 'div' does not exist on type 'JSX.IntrinsicElements'.
